// Jest Snapshot v1, https://goo.gl/fbAQLP

exports[`CreatePageAction renders correctly 1`] = `
<v-dialog-stub
  closedelay="0"
  contentclass=""
  maxwidth="570"
  opendelay="0"
  origin="center center"
  persistent="true"
  retainfocus="true"
  transition="dialog-transition"
  width="auto"
>
   
  <v-card-stub
    loaderheight="4"
    tag="div"
  >
    <v-card-title-stub>
      
    </v-card-title-stub>
     
    <v-card-text-stub>
      <v-text-field-stub
        backgroundcolor=""
        clearicon="$clear"
        errorcount="1"
        errormessages=""
        filled="true"
        id="new-page-name"
        loaderheight="2"
        messages=""
        rules=""
        successmessages=""
        type="text"
        value=""
      />
       
      <p>
        URL: mekanismi.web.app/#/v//
      </p>
    </v-card-text-stub>
     
    <v-card-actions-stub>
      <v-spacer-stub />
       
      <v-btn-stub
        activeclass=""
        color="primary"
        tag="button"
        text="true"
        type="button"
      >
        
      </v-btn-stub>
       
      <v-btn-stub
        activeclass=""
        color="primary"
        disabled="true"
        tag="button"
        type="button"
      >
        
      </v-btn-stub>
    </v-card-actions-stub>
  </v-card-stub>
</v-dialog-stub>
`;
