// Jest Snapshot v1, https://goo.gl/fbAQLP

exports[`Mounted App Renders with usePlayers init for "mekanismi" 1`] = `<div />`;
