// Jest Snapshot v1, https://goo.gl/fbAQLP

exports[`Mounted App renders correctly 1`] = `
<v-snackbar-stub
  contentclass=""
  tag="div"
  timeout="5000"
  transition="v-snack-transition"
/>
`;
