// Jest Snapshot v1, https://goo.gl/fbAQLP

exports[`Mounted App renders correctly 1`] = `
<v-container-stub
  tag="div"
>
  <v-row-stub
    tag="div"
  >
    <v-col-stub
      tag="div"
    >
      <tabtitle-stub />
    </v-col-stub>
  </v-row-stub>
   
  <v-row-stub
    tag="div"
  >
    <v-col-stub
      tag="div"
    >
      <loading-stub />
       
      <!---->
    </v-col-stub>
  </v-row-stub>
</v-container-stub>
`;
