// Jest Snapshot v1, https://goo.gl/fbAQLP

exports[`Mounted App renders correctly 1`] = `
<div
  class="skald-themed "
>
  <div
    id="cover"
    style="height: 768px;"
  >
    <div
      id="posterFadeOut"
      style="min-height: 192px;"
    />
  </div>
   
  <!---->
   
</div>
`;
